Determining if the pthread_create exist failed with the following output:
Change Dir: /home/user/todo-backend/build/CMakeFiles/CMakeTmp

Run Build Command:"/usr/bin/make" "cmTC_906d7/fast"
/usr/bin/make -f CMakeFiles/cmTC_906d7.dir/build.make CMakeFiles/cmTC_906d7.dir/build
make[1]: Entering directory '/home/user/todo-backend/build/CMakeFiles/CMakeTmp'
Building C object CMakeFiles/cmTC_906d7.dir/CheckSymbolExists.c.o
/usr/bin/cc    -o CMakeFiles/cmTC_906d7.dir/CheckSymbolExists.c.o   -c /home/user/todo-backend/build/CMakeFiles/CMakeTmp/CheckSymbolExists.c
Linking C executable cmTC_906d7
/usr/bin/cmake -E cmake_link_script CMakeFiles/cmTC_906d7.dir/link.txt --verbose=1
/usr/bin/cc      CMakeFiles/cmTC_906d7.dir/CheckSymbolExists.c.o  -o cmTC_906d7 
CMakeFiles/cmTC_906d7.dir/CheckSymbolExists.c.o: In function `main':
CheckSymbolExists.c:(.text+0x1b): undefined reference to `pthread_create'
collect2: error: ld returned 1 exit status
CMakeFiles/cmTC_906d7.dir/build.make:97: recipe for target 'cmTC_906d7' failed
make[1]: *** [cmTC_906d7] Error 1
make[1]: Leaving directory '/home/user/todo-backend/build/CMakeFiles/CMakeTmp'
Makefile:126: recipe for target 'cmTC_906d7/fast' failed
make: *** [cmTC_906d7/fast] Error 2

File /home/user/todo-backend/build/CMakeFiles/CMakeTmp/CheckSymbolExists.c:
/* */
#include <pthread.h>

int main(int argc, char** argv)
{
  (void)argv;
#ifndef pthread_create
  return ((int*)(&pthread_create))[argc];
#else
  (void)argc;
  return 0;
#endif
}

Determining if the function pthread_create exists in the pthreads failed with the following output:
Change Dir: /home/user/todo-backend/build/CMakeFiles/CMakeTmp

Run Build Command:"/usr/bin/make" "cmTC_f78fa/fast"
/usr/bin/make -f CMakeFiles/cmTC_f78fa.dir/build.make CMakeFiles/cmTC_f78fa.dir/build
make[1]: Entering directory '/home/user/todo-backend/build/CMakeFiles/CMakeTmp'
Building C object CMakeFiles/cmTC_f78fa.dir/CheckFunctionExists.c.o
/usr/bin/cc   -DCHECK_FUNCTION_EXISTS=pthread_create   -o CMakeFiles/cmTC_f78fa.dir/CheckFunctionExists.c.o   -c /usr/share/cmake-3.10/Modules/CheckFunctionExists.c
Linking C executable cmTC_f78fa
/usr/bin/cmake -E cmake_link_script CMakeFiles/cmTC_f78fa.dir/link.txt --verbose=1
/usr/bin/cc  -DCHECK_FUNCTION_EXISTS=pthread_create    CMakeFiles/cmTC_f78fa.dir/CheckFunctionExists.c.o  -o cmTC_f78fa -lpthreads 
/usr/bin/ld: cannot find -lpthreads
collect2: error: ld returned 1 exit status
CMakeFiles/cmTC_f78fa.dir/build.make:97: recipe for target 'cmTC_f78fa' failed
make[1]: *** [cmTC_f78fa] Error 1
make[1]: Leaving directory '/home/user/todo-backend/build/CMakeFiles/CMakeTmp'
Makefile:126: recipe for target 'cmTC_f78fa/fast' failed
make: *** [cmTC_f78fa/fast] Error 2


